C51 COMPILER V9.01   MAIN                                                                  10/17/2016 16:57:35 PAGE 1   


C51 COMPILER V9.01, COMPILATION OF MODULE MAIN
OBJECT MODULE PLACED IN main.OBJ
COMPILER INVOKED BY: E:\keil1\C51\BIN\C51.EXE main.c BROWSE DEBUG OBJECTEXTEND

line level    source

   1          /**************************************************************************************
   2          *                             DS18B20温度传感器实验                                                                                               *
   3          实现现象：下载程序后，在温度传感器接口处，按照丝印方向插好温度传感器，数码管就会显示
   4                                  检测的温度值，
   5          注意事项：                                                                                                                                                                
   6          ***************************************************************************************/
   7          
   8          #include "reg52.h"                       //此文件中定义了单片机的一些特殊功能寄存器
   9          #include"temp.h"        
  10          
  11          typedef unsigned int u16;         //对数据类型进行声明定义
  12          typedef unsigned char u8;
  13          
  14          sbit LSA=P2^2;
  15          sbit LSB=P2^3;
  16          sbit LSC=P2^4;
  17          
  18          
  19          char num=0;
  20          u8 DisplayData[8];
  21          u8 code smgduan[10]={0x3f,0x06,0x5b,0x4f,0x66,0x6d,0x7d,0x07,0x7f,0x6f};
  22          
  23          /*******************************************************************************
  24          * 函 数 名         : delay
  25          * 函数功能                 : 延时函数，i=1时，大约延时10us
  26          *******************************************************************************/
  27          void delay(u16 i)
  28          {
  29   1              while(i--);     
  30   1      }
  31          
  32          
  33          /*******************************************************************************
  34          * 函 数 名         : datapros()
  35          * 函数功能                 : 温度读取处理转换函数
  36          * 输    入         : temp
  37          * 输    出         : 无
  38          *******************************************************************************/
  39          
  40          void datapros(int temp)          
  41          {
  42   1              float tp;  
  43   1              if(temp< 0)                             //当温度值为负数
  44   1              {
  45   2                      DisplayData[0] = 0x40;    //   -
  46   2                      //因为读取的温度是实际温度的补码，所以减1，再取反求出原码
  47   2                      temp=temp-1;
  48   2                      temp=~temp;
  49   2                      tp=temp;
  50   2                      temp=tp*0.0625*100+0.5; 
  51   2                      //留两个小数点就*100，+0.5是四舍五入，因为C语言浮点数转换为整型的时候把小数点
  52   2                      //后面的数自动去掉，不管是否大于0.5，而+0.5之后大于0.5的就是进1了，小于0.5的就
  53   2                      //算加上0.5，还是在小数点后面。
  54   2       
  55   2              }
C51 COMPILER V9.01   MAIN                                                                  10/17/2016 16:57:35 PAGE 2   

  56   1              else
  57   1              {                       
  58   2                      DisplayData[0] = 0x00;
  59   2                      tp=temp;//因为数据处理有小数点所以将温度赋给一个浮点型变量
  60   2                      //如果温度是正的那么，那么正数的原码就是补码它本身
  61   2                      temp=tp*0.0625*100+0.5; 
  62   2                      //留两个小数点就*100，+0.5是四舍五入，因为C语言浮点数转换为整型的时候把小数点
  63   2                      //后面的数自动去掉，不管是否大于0.5，而+0.5之后大于0.5的就是进1了，小于0.5的就
  64   2                      //算加上0.5，还是在小数点后面。
  65   2              }
  66   1              DisplayData[1] = smgduan[temp / 10000];
  67   1              DisplayData[2] = smgduan[temp % 10000 / 1000];
  68   1              DisplayData[3] = smgduan[temp % 1000 / 100] | 0x80;
  69   1              DisplayData[4] = smgduan[temp % 100 / 10];
  70   1              DisplayData[5] = smgduan[temp % 10];
  71   1      }
  72          
  73          
  74          /*******************************************************************************
  75          * 函数名         :DigDisplay()
  76          * 函数功能               :数码管显示函数
  77          * 输入           : 无
  78          * 输出           : 无
  79          *******************************************************************************/
  80          void DigDisplay()
  81          {
  82   1              u8 i;
  83   1              for(i=0;i<6;i++)
  84   1              {
  85   2                      switch(i)        //位选，选择点亮的数码管，
  86   2                      {
  87   3                              case(0):
  88   3                                      LSA=0;LSB=0;LSC=0; break;//显示第0位
  89   3                              case(1):
  90   3                                      LSA=1;LSB=0;LSC=0; break;//显示第1位
  91   3                              case(2):
  92   3                                      LSA=0;LSB=1;LSC=0; break;//显示第2位
  93   3                              case(3):
  94   3                                      LSA=1;LSB=1;LSC=0; break;//显示第3位
  95   3                              case(4):
  96   3                                      LSA=0;LSB=0;LSC=1; break;//显示第4位
  97   3                              case(5):
  98   3                                      LSA=1;LSB=0;LSC=1; break;//显示第5位    
  99   3                      }
 100   2                      P0=DisplayData[5-i];//发送数据
 101   2                      delay(100); //间隔一段时间扫描  
 102   2                      P0=0x00;//消隐
 103   2              }               
 104   1      }
 105          
 106          /*******************************************************************************
 107          * 函 数 名       : main
 108          * 函数功能               : 主函数
 109          * 输    入       : 无
 110          * 输    出       : 无
 111          *******************************************************************************/
 112          void main()
 113          {       
 114   1              while(1)
 115   1              {
 116   2                      datapros(Ds18b20ReadTemp());     //数据处理函数
 117   2                      DigDisplay();//数码管显示函数           
C51 COMPILER V9.01   MAIN                                                                  10/17/2016 16:57:35 PAGE 3   

 118   2              }               
 119   1      }
 120          


MODULE INFORMATION:   STATIC OVERLAYABLE
   CODE SIZE        =    351    ----
   CONSTANT SIZE    =     10    ----
   XDATA SIZE       =   ----    ----
   PDATA SIZE       =   ----    ----
   DATA SIZE        =      9       4
   IDATA SIZE       =   ----    ----
   BIT SIZE         =   ----    ----
END OF MODULE INFORMATION.


C51 COMPILATION COMPLETE.  0 WARNING(S),  0 ERROR(S)
